// Jest Snapshot v1, https://goo.gl/fbAQLP

exports[`SettlementList matches snapshot with typical settlement list 1`] = `
<View
  style={
    {
      "marginTop": 12,
    }
  }
>
  <Text
    style={
      [
        {
          "color": "#11181C",
        },
        undefined,
        undefined,
        undefined,
        {
          "fontSize": 18,
          "fontWeight": "bold",
        },
        undefined,
        undefined,
        {
          "fontWeight": "bold",
          "marginBottom": 8,
        },
      ]
    }
  >
    Suggested Settlements
  </Text>
  <Text
    style={
      [
        {
          "color": "#11181C",
        },
        {
          "fontSize": 16,
          "lineHeight": 24,
        },
        undefined,
        undefined,
        undefined,
        undefined,
        undefined,
        {
          "color": "#00cc66",
          "fontWeight": "bold",
        },
      ]
    }
  >
    You are owed $5.00
  </Text>
  <View
    style={
      {
        "alignItems": "center",
        "flexDirection": "row",
        "marginBottom": 8,
      }
    }
  >
    <Text
      style={
        [
          {
            "color": "#11181C",
          },
          {
            "fontSize": 16,
            "lineHeight": 24,
          },
          undefined,
          undefined,
          undefined,
          undefined,
          undefined,
          {
            "flex": 1,
            "fontWeight": "bold",
          },
        ]
      }
    >
      User-user2
       
      <Text
        allowFontScaling={false}
        selectable={false}
        style={
          [
            {
              "color": "#1976d2",
              "fontSize": 16,
            },
            undefined,
            {
              "fontFamily": "ionicons",
              "fontStyle": "normal",
              "fontWeight": "normal",
            },
            {},
          ]
        }
      >
        
      </Text>
       
      User-user1
    </Text>
    <Text
      style={
        [
          {
            "color": "#11181C",
          },
          {
            "fontSize": 16,
            "lineHeight": 24,
          },
          undefined,
          undefined,
          undefined,
          undefined,
          undefined,
          {
            "color": "#1e88e5",
            "fontWeight": "bold",
            "width": 80,
          },
        ]
      }
    >
      $
      10.00
    </Text>
    <View
      accessibilityRole="button"
      accessibilityState={
        {
          "busy": undefined,
          "checked": undefined,
          "disabled": false,
          "expanded": undefined,
          "selected": undefined,
        }
      }
      accessibilityValue={
        {
          "max": undefined,
          "min": undefined,
          "now": undefined,
          "text": undefined,
        }
      }
      accessible={true}
      collapsable={false}
      focusable={true}
      onBlur={[Function]}
      onClick={[Function]}
      onFocus={[Function]}
      onResponderGrant={[Function]}
      onResponderMove={[Function]}
      onResponderRelease={[Function]}
      onResponderTerminate={[Function]}
      onResponderTerminationRequest={[Function]}
      onStartShouldSetResponder={[Function]}
      style={
        [
          {
            "borderRadius": 6,
            "marginVertical": 10,
            "padding": 18,
          },
          {
            "backgroundColor": "#0a7ea4",
          },
          false,
          {
            "marginLeft": 10,
            "minWidth": 90,
          },
        ]
      }
    >
      <Text
        style={
          [
            {
              "color": "#11181C",
            },
            {
              "fontSize": 16,
              "lineHeight": 24,
            },
            undefined,
            undefined,
            undefined,
            undefined,
            undefined,
            {
              "color": "#fff",
            },
          ]
        }
      >
        Settle Up
      </Text>
    </View>
  </View>
  <View
    style={
      {
        "alignItems": "center",
        "flexDirection": "row",
        "marginBottom": 8,
      }
    }
  >
    <Text
      style={
        [
          {
            "color": "#11181C",
          },
          {
            "fontSize": 16,
            "lineHeight": 24,
          },
          undefined,
          undefined,
          undefined,
          undefined,
          undefined,
          {
            "flex": 1,
            "fontWeight": "bold",
          },
        ]
      }
    >
      User-user1
       
      <Text
        allowFontScaling={false}
        selectable={false}
        style={
          [
            {
              "color": "#1976d2",
              "fontSize": 16,
            },
            undefined,
            {
              "fontFamily": "ionicons",
              "fontStyle": "normal",
              "fontWeight": "normal",
            },
            {},
          ]
        }
      >
        
      </Text>
       
      User-user3
    </Text>
    <Text
      style={
        [
          {
            "color": "#11181C",
          },
          {
            "fontSize": 16,
            "lineHeight": 24,
          },
          undefined,
          undefined,
          undefined,
          undefined,
          undefined,
          {
            "color": "#1e88e5",
            "fontWeight": "bold",
            "width": 80,
          },
        ]
      }
    >
      $
      5.00
    </Text>
    <View
      accessibilityRole="button"
      accessibilityState={
        {
          "busy": undefined,
          "checked": undefined,
          "disabled": false,
          "expanded": undefined,
          "selected": undefined,
        }
      }
      accessibilityValue={
        {
          "max": undefined,
          "min": undefined,
          "now": undefined,
          "text": undefined,
        }
      }
      accessible={true}
      collapsable={false}
      focusable={true}
      onBlur={[Function]}
      onClick={[Function]}
      onFocus={[Function]}
      onResponderGrant={[Function]}
      onResponderMove={[Function]}
      onResponderRelease={[Function]}
      onResponderTerminate={[Function]}
      onResponderTerminationRequest={[Function]}
      onStartShouldSetResponder={[Function]}
      style={
        [
          {
            "borderRadius": 6,
            "marginVertical": 10,
            "padding": 18,
          },
          {
            "backgroundColor": "#0a7ea4",
          },
          false,
          {
            "marginLeft": 10,
            "minWidth": 90,
          },
        ]
      }
    >
      <Text
        style={
          [
            {
              "color": "#11181C",
            },
            {
              "fontSize": 16,
              "lineHeight": 24,
            },
            undefined,
            undefined,
            undefined,
            undefined,
            undefined,
            {
              "color": "#fff",
            },
          ]
        }
      >
        Settle Up
      </Text>
    </View>
  </View>
</View>
`;
