// Jest Snapshot v1, https://goo.gl/fbAQLP

exports[`HomeScreen matches snapshot 1`] = `
<View
  style={
    {
      "alignItems": "center",
      "flex": 1,
      "justifyContent": "center",
    }
  }
>
  <ViewManagerAdapter_ExpoImage
    containerViewRef={"[React.ref]"}
    contentFit="contain"
    contentPosition={
      {
        "left": "50%",
        "top": "50%",
      }
    }
    height={200}
    nativeViewRef={"[React.ref]"}
    onError={[Function]}
    onLoad={[Function]}
    onLoadStart={[Function]}
    onProgress={[Function]}
    placeholder={[]}
    source={
      [
        {
          "testUri": "../../../assets/images/logo.png",
        },
      ]
    }
    style={
      {
        "height": 200,
        "width": 200,
      }
    }
    transition={null}
    width={200}
  />
  <View
    testID="spacer"
  />
  <View
    style={
      {
        "alignItems": "center",
        "flexDirection": "row",
        "gap": 8,
        "justifyContent": "center",
      }
    }
  >
    <Text
      style={
        {
          "textAlign": "center",
        }
      }
      type="title"
    >
      Welcome to BudgetBuddy
    </Text>
  </View>
  <View
    testID="spacer"
  />
  <View
    testID="spacer"
  />
  <View
    style={
      {
        "alignItems": "center",
        "gap": 8,
        "marginBottom": 8,
      }
    }
  >
    <Text
      accessibilityRole="link"
      onPress={[Function]}
    >
      <Text
        type="link"
      >
        Login
      </Text>
    </Text>
  </View>
  <View
    style={
      {
        "alignItems": "center",
        "gap": 8,
        "marginBottom": 8,
      }
    }
  >
    <Text
      accessibilityRole="link"
      onPress={[Function]}
    >
      <Text
        type="link"
      >
        Register
      </Text>
    </Text>
  </View>
  <View
    style={
      {
        "alignItems": "center",
        "gap": 8,
        "marginBottom": 8,
      }
    }
  >
    <Text
      accessibilityRole="link"
      onPress={[Function]}
    >
      <Text
        type="link"
      >
        Profile
      </Text>
    </Text>
  </View>
</View>
`;
