// Jest Snapshot v1, https://goo.gl/fbAQLP

exports[`ExpenseDetailScreen snapshots matches snapshot after expense loaded 1`] = `
<View
  style={
    [
      {
        "backgroundColor": "#fff",
      },
      {
        "flex": 1,
        "padding": 20,
      },
    ]
  }
  testID="themed-view"
>
  <View
    style={
      {
        "height": 30,
        "width": "100%",
      }
    }
  />
  <View
    accessibilityState={
      {
        "busy": undefined,
        "checked": undefined,
        "disabled": undefined,
        "expanded": undefined,
        "selected": undefined,
      }
    }
    accessibilityValue={
      {
        "max": undefined,
        "min": undefined,
        "now": undefined,
        "text": undefined,
      }
    }
    accessible={true}
    collapsable={false}
    focusable={true}
    onClick={[Function]}
    onResponderGrant={[Function]}
    onResponderMove={[Function]}
    onResponderRelease={[Function]}
    onResponderTerminate={[Function]}
    onResponderTerminationRequest={[Function]}
    onStartShouldSetResponder={[Function]}
    style={
      {
        "opacity": 1,
      }
    }
  >
    <Text
      allowFontScaling={false}
      selectable={false}
      style={
        [
          {
            "color": "#0a7ea4",
            "fontSize": 24,
          },
          undefined,
          {
            "fontFamily": "ionicons",
            "fontStyle": "normal",
            "fontWeight": "normal",
          },
          {},
        ]
      }
    >
      
    </Text>
  </View>
  <RCTScrollView>
    <View>
      <Text
        style={
          [
            {
              "color": "#11181C",
            },
            undefined,
            {
              "fontSize": 28,
              "fontWeight": "bold",
              "lineHeight": 32,
            },
            undefined,
            undefined,
            undefined,
            undefined,
            {
              "fontSize": 22,
              "fontWeight": "bold",
              "marginBottom": 12,
              "marginTop": 10,
            },
          ]
        }
      >
        Edit Expense
      </Text>
      <Text
        style={
          [
            {
              "color": "#11181C",
            },
            {
              "fontSize": 16,
              "lineHeight": 24,
            },
            undefined,
            undefined,
            undefined,
            undefined,
            undefined,
            {
              "fontWeight": "bold",
              "marginBottom": 4,
            },
          ]
        }
      >
        Description
      </Text>
      <TextInput
        onChangeText={[Function]}
        placeholder="Expense description"
        style={
          [
            {
              "backgroundColor": "#d6d5e1",
              "borderRadius": 6,
              "color": "#11181C",
              "padding": 20,
            },
            {
              "marginBottom": 14,
            },
          ]
        }
        value="Dinner"
      />
      <Text
        style={
          [
            {
              "color": "#11181C",
            },
            {
              "fontSize": 16,
              "lineHeight": 24,
            },
            undefined,
            undefined,
            undefined,
            undefined,
            undefined,
            {
              "fontWeight": "bold",
              "marginBottom": 4,
            },
          ]
        }
      >
        Amount
      </Text>
      <TextInput
        keyboardType="decimal-pad"
        onChangeText={[Function]}
        placeholder="$0.00"
        style={
          [
            {
              "backgroundColor": "#d6d5e1",
              "borderRadius": 6,
              "color": "#11181C",
              "padding": 20,
            },
            {
              "marginBottom": 14,
            },
          ]
        }
        value="100"
      />
      <View
        style={
          {
            "alignItems": "center",
            "flexDirection": "row",
            "marginBottom": 8,
          }
        }
      >
        <Text
          allowFontScaling={false}
          selectable={false}
          style={
            [
              {
                "color": "#1976d2",
                "fontSize": 22,
              },
              undefined,
              {
                "fontFamily": "ionicons",
                "fontStyle": "normal",
                "fontWeight": "normal",
              },
              {},
            ]
          }
        >
          
        </Text>
        <Text
          style={
            [
              {
                "color": "#11181C",
              },
              {
                "fontSize": 16,
                "lineHeight": 24,
              },
              undefined,
              undefined,
              undefined,
              undefined,
              undefined,
              {
                "fontSize": 15,
                "fontWeight": "bold",
                "marginLeft": 8,
              },
            ]
          }
        >
          Food
        </Text>
      </View>
      <Text
        style={
          [
            {
              "color": "#11181C",
            },
            {
              "fontSize": 16,
              "lineHeight": 24,
            },
            undefined,
            undefined,
            undefined,
            undefined,
            undefined,
            {
              "fontWeight": "bold",
              "marginBottom": 10,
            },
          ]
        }
      >
        Paid by: 
        <Text
          style={
            [
              {
                "color": "#11181C",
              },
              {
                "fontSize": 16,
                "lineHeight": 24,
              },
              undefined,
              undefined,
              undefined,
              undefined,
              undefined,
              {
                "color": "#1976d2",
                "fontWeight": "bold",
              },
            ]
          }
        >
          Alice
        </Text>
      </Text>
      <Text
        style={
          [
            {
              "color": "#11181C",
            },
            {
              "fontSize": 16,
              "lineHeight": 24,
            },
            undefined,
            undefined,
            undefined,
            undefined,
            undefined,
            {
              "fontWeight": "bold",
              "marginBottom": 4,
            },
          ]
        }
      >
        Split Between
      </Text>
      <View
        style={
          {
            "flexDirection": "row",
            "flexWrap": "wrap",
            "marginBottom": 14,
          }
        }
      >
        <View
          style={
            {
              "alignItems": "center",
              "backgroundColor": "#1e88e5",
              "borderRadius": 20,
              "flexDirection": "row",
              "marginBottom": 8,
              "marginRight": 8,
              "paddingHorizontal": 10,
              "paddingVertical": 6,
            }
          }
          testID="user-profile-user1"
        >
          <View
            style={
              {
                "alignItems": "center",
                "backgroundColor": "#eee",
                "borderRadius": 12,
                "height": 24,
                "justifyContent": "center",
                "marginRight": 6,
                "width": 24,
              }
            }
          >
            <Text
              allowFontScaling={false}
              selectable={false}
              style={
                [
                  {
                    "color": "#888",
                    "fontSize": 16,
                  },
                  undefined,
                  {
                    "fontFamily": "ionicons",
                    "fontStyle": "normal",
                    "fontWeight": "normal",
                  },
                  {},
                ]
              }
            >
              
            </Text>
          </View>
          <Text
            style={
              [
                {
                  "color": "#11181C",
                },
                {
                  "fontSize": 16,
                  "lineHeight": 24,
                },
                undefined,
                undefined,
                undefined,
                undefined,
                undefined,
                {
                  "color": "#fff",
                },
              ]
            }
            testID="user-username-user1"
          >
            Alice
          </Text>
        </View>
        <View
          style={
            {
              "alignItems": "center",
              "backgroundColor": "#1e88e5",
              "borderRadius": 20,
              "flexDirection": "row",
              "marginBottom": 8,
              "marginRight": 8,
              "paddingHorizontal": 10,
              "paddingVertical": 6,
            }
          }
          testID="user-profile-user2"
        >
          <View
            style={
              {
                "alignItems": "center",
                "backgroundColor": "#eee",
                "borderRadius": 12,
                "height": 24,
                "justifyContent": "center",
                "marginRight": 6,
                "width": 24,
              }
            }
          >
            <Text
              allowFontScaling={false}
              selectable={false}
              style={
                [
                  {
                    "color": "#888",
                    "fontSize": 16,
                  },
                  undefined,
                  {
                    "fontFamily": "ionicons",
                    "fontStyle": "normal",
                    "fontWeight": "normal",
                  },
                  {},
                ]
              }
            >
              
            </Text>
          </View>
          <Text
            style={
              [
                {
                  "color": "#11181C",
                },
                {
                  "fontSize": 16,
                  "lineHeight": 24,
                },
                undefined,
                undefined,
                undefined,
                undefined,
                undefined,
                {
                  "color": "#fff",
                },
              ]
            }
            testID="user-username-user2"
          >
            Bob
          </Text>
        </View>
      </View>
      <Text
        style={
          [
            {
              "color": "#11181C",
            },
            {
              "fontSize": 16,
              "lineHeight": 24,
            },
            undefined,
            undefined,
            undefined,
            undefined,
            undefined,
            {
              "fontWeight": "bold",
              "marginBottom": 4,
            },
          ]
        }
      >
        Split Type
      </Text>
      <Text
        style={
          [
            {
              "color": "#11181C",
            },
            {
              "fontSize": 16,
              "lineHeight": 24,
            },
            undefined,
            undefined,
            undefined,
            undefined,
            undefined,
            {
              "marginBottom": 14,
            },
          ]
        }
      >
        equal
      </Text>
      <View
        accessibilityRole="button"
        accessibilityState={
          {
            "busy": undefined,
            "checked": undefined,
            "disabled": undefined,
            "expanded": undefined,
            "selected": undefined,
          }
        }
        accessibilityValue={
          {
            "max": undefined,
            "min": undefined,
            "now": undefined,
            "text": undefined,
          }
        }
        accessible={true}
        collapsable={false}
        focusable={true}
        onBlur={[Function]}
        onClick={[Function]}
        onFocus={[Function]}
        onResponderGrant={[Function]}
        onResponderMove={[Function]}
        onResponderRelease={[Function]}
        onResponderTerminate={[Function]}
        onResponderTerminationRequest={[Function]}
        onStartShouldSetResponder={[Function]}
        style={
          [
            {
              "borderRadius": 6,
              "marginVertical": 10,
              "padding": 18,
            },
            {
              "backgroundColor": "#0a7ea4",
            },
            false,
            {
              "marginBottom": 12,
            },
          ]
        }
      >
        <Text
          style={
            [
              {
                "color": "#11181C",
              },
              {
                "fontSize": 16,
                "lineHeight": 24,
              },
              undefined,
              undefined,
              undefined,
              undefined,
              undefined,
              {
                "color": "#fff",
                "textAlign": "center",
              },
            ]
          }
        >
          Save Changes
        </Text>
      </View>
      <View
        accessibilityRole="button"
        accessibilityState={
          {
            "busy": undefined,
            "checked": undefined,
            "disabled": undefined,
            "expanded": undefined,
            "selected": undefined,
          }
        }
        accessibilityValue={
          {
            "max": undefined,
            "min": undefined,
            "now": undefined,
            "text": undefined,
          }
        }
        accessible={true}
        collapsable={false}
        focusable={true}
        onBlur={[Function]}
        onClick={[Function]}
        onFocus={[Function]}
        onResponderGrant={[Function]}
        onResponderMove={[Function]}
        onResponderRelease={[Function]}
        onResponderTerminate={[Function]}
        onResponderTerminationRequest={[Function]}
        onStartShouldSetResponder={[Function]}
        style={
          [
            {
              "borderRadius": 6,
              "marginVertical": 10,
              "padding": 18,
            },
            {
              "backgroundColor": "#0a7ea4",
            },
            false,
            {
              "backgroundColor": "#e57373",
              "marginTop": 6,
            },
          ]
        }
      >
        <Text
          style={
            [
              {
                "color": "#11181C",
              },
              {
                "fontSize": 16,
                "lineHeight": 24,
              },
              undefined,
              undefined,
              undefined,
              undefined,
              undefined,
              {
                "color": "#fff",
                "textAlign": "center",
              },
            ]
          }
        >
          Delete Expense
        </Text>
      </View>
    </View>
  </RCTScrollView>
  <View
    style={
      {
        "height": 80,
        "width": "100%",
      }
    }
  />
</View>
`;

exports[`ExpenseDetailScreen snapshots matches snapshot during loading state 1`] = `null`;
