// Jest Snapshot v1, https://goo.gl/fbAQLP

exports[`ProfileLayout snapshots matches snapshot when authenticated 1`] = `null`;

exports[`ProfileLayout snapshots matches snapshot when loading 1`] = `null`;

exports[`ProfileLayout snapshots matches snapshot when unauthenticated 1`] = `null`;
