// Jest Snapshot v1, https://goo.gl/fbAQLP

exports[`Profile Component matches snapshot (edit mode) 1`] = `
<View
  accessibilityState={
    {
      "busy": undefined,
      "checked": undefined,
      "disabled": undefined,
      "expanded": undefined,
      "selected": undefined,
    }
  }
  accessible={true}
  focusable={true}
  onClick={[Function]}
  onResponderGrant={[Function]}
  onResponderMove={[Function]}
  onResponderRelease={[Function]}
  onResponderTerminate={[Function]}
  onResponderTerminationRequest={[Function]}
  onStartShouldSetResponder={[Function]}
  style={
    [
      {
        "backgroundColor": "#fff",
      },
      {
        "flex": 1,
        "justifyContent": "flex-start",
        "paddingBottom": 16,
        "paddingHorizontal": 20,
        "paddingTop": 36,
      },
    ]
  }
  testID="themed-view"
>
  <View
    style={
      {
        "height": 40,
        "width": "100%",
      }
    }
  />
  <View
    style={
      {
        "flexDirection": "row",
        "justifyContent": "flex-end",
        "marginBottom": 8,
      }
    }
  >
    <View
      accessibilityState={
        {
          "busy": undefined,
          "checked": undefined,
          "disabled": undefined,
          "expanded": undefined,
          "selected": undefined,
        }
      }
      accessibilityValue={
        {
          "max": undefined,
          "min": undefined,
          "now": undefined,
          "text": undefined,
        }
      }
      accessible={true}
      collapsable={false}
      focusable={true}
      onClick={[Function]}
      onResponderGrant={[Function]}
      onResponderMove={[Function]}
      onResponderRelease={[Function]}
      onResponderTerminate={[Function]}
      onResponderTerminationRequest={[Function]}
      onStartShouldSetResponder={[Function]}
      style={
        {
          "opacity": 1,
        }
      }
    >
      <Text
        allowFontScaling={false}
        selectable={false}
        style={
          [
            {
              "color": "#0a7ea4",
              "fontSize": 28,
            },
            undefined,
            {
              "fontFamily": "ionicons",
              "fontStyle": "normal",
              "fontWeight": "normal",
            },
            {},
          ]
        }
      >
        î¹¬
      </Text>
    </View>
  </View>
  <View
    style={
      {
        "alignItems": "center",
        "flexDirection": "row",
        "marginBottom": 18,
      }
    }
  >
    <View
      accessibilityLabel="Change Avatar"
      accessibilityState={
        {
          "busy": undefined,
          "checked": undefined,
          "disabled": false,
          "expanded": undefined,
          "selected": undefined,
        }
      }
      accessibilityValue={
        {
          "max": undefined,
          "min": undefined,
          "now": undefined,
          "text": undefined,
        }
      }
      accessible={true}
      collapsable={false}
      focusable={true}
      onClick={[Function]}
      onResponderGrant={[Function]}
      onResponderMove={[Function]}
      onResponderRelease={[Function]}
      onResponderTerminate={[Function]}
      onResponderTerminationRequest={[Function]}
      onStartShouldSetResponder={[Function]}
      style={
        {
          "opacity": 1,
        }
      }
    >
      <ViewManagerAdapter_ExpoImage
        borderColor={4294967295}
        borderRadius={75}
        borderWidth={2}
        containerViewRef={"[React.ref]"}
        contentFit="cover"
        contentPosition={
          {
            "left": "50%",
            "top": "50%",
          }
        }
        height={150}
        marginRight={18}
        nativeViewRef={"[React.ref]"}
        onError={[Function]}
        onLoad={[Function]}
        onLoadStart={[Function]}
        onProgress={[Function]}
        placeholder={[]}
        source={
          [
            {
              "uri": "https://example.com/avatar.jpg",
            },
          ]
        }
        style={
          {
            "borderColor": "#fff",
            "borderRadius": 75,
            "borderWidth": 2,
            "height": 150,
            "marginRight": 18,
            "width": 150,
          }
        }
        transition={null}
        width={150}
      />
    </View>
    <View
      style={
        {
          "flex": 1,
          "justifyContent": "center",
        }
      }
    >
      <Text
        style={
          [
            {
              "color": "#11181C",
            },
            undefined,
            {
              "fontSize": 28,
              "fontWeight": "bold",
              "lineHeight": 32,
            },
            undefined,
            undefined,
            undefined,
            undefined,
            {
              "marginBottom": 0,
            },
          ]
        }
      >
        TestUser
      </Text>
    </View>
  </View>
  <View>
    <Text
      style={
        [
          {
            "color": "#11181C",
          },
          {
            "fontSize": 16,
            "lineHeight": 24,
          },
          undefined,
          undefined,
          undefined,
          undefined,
          undefined,
          {
            "fontSize": 15,
            "marginBottom": 6,
            "marginLeft": 12,
          },
        ]
      }
    >
      Hello world
    </Text>
    <View
      style={
        {
          "height": 8,
          "width": "100%",
        }
      }
    />
  </View>
  <View
    style={
      {
        "borderRadius": 12,
        "flexDirection": "row",
        "justifyContent": "space-between",
        "marginBottom": 24,
        "padding": 18,
      }
    }
  >
    <View
      style={
        {
          "alignItems": "center",
          "flex": 1,
        }
      }
    >
      <Text
        style={
          [
            {
              "color": "#11181C",
            },
            {
              "fontSize": 16,
              "lineHeight": 24,
            },
            undefined,
            undefined,
            undefined,
            undefined,
            undefined,
            {
              "fontSize": 17,
              "fontWeight": "bold",
            },
          ]
        }
      >
        3
      </Text>
      <Text
        style={
          [
            {
              "color": "#11181C",
            },
            {
              "fontSize": 16,
              "lineHeight": 24,
            },
            undefined,
            undefined,
            undefined,
            undefined,
            undefined,
            {
              "fontSize": 12,
              "marginTop": 2,
            },
          ]
        }
      >
        Groups
      </Text>
    </View>
    <View
      style={
        {
          "alignItems": "center",
          "flex": 1,
        }
      }
    >
      <Text
        style={
          [
            {
              "color": "#11181C",
            },
            {
              "fontSize": 16,
              "lineHeight": 24,
            },
            undefined,
            undefined,
            undefined,
            undefined,
            undefined,
            {
              "fontSize": 17,
              "fontWeight": "bold",
            },
          ]
        }
      >
        $
        150.75
      </Text>
      <Text
        style={
          [
            {
              "color": "#11181C",
            },
            {
              "fontSize": 16,
              "lineHeight": 24,
            },
            undefined,
            undefined,
            undefined,
            undefined,
            undefined,
            {
              "fontSize": 12,
              "marginTop": 2,
            },
          ]
        }
      >
        Total Spent
      </Text>
    </View>
    <View
      style={
        {
          "alignItems": "center",
          "flex": 1,
        }
      }
    >
      <Text
        style={
          [
            {
              "color": "#11181C",
            },
            {
              "fontSize": 16,
              "lineHeight": 24,
            },
            undefined,
            undefined,
            undefined,
            undefined,
            undefined,
            {
              "fontSize": 17,
              "fontWeight": "bold",
            },
          ]
        }
      >
        10
      </Text>
      <Text
        style={
          [
            {
              "color": "#11181C",
            },
            {
              "fontSize": 16,
              "lineHeight": 24,
            },
            undefined,
            undefined,
            undefined,
            undefined,
            undefined,
            {
              "fontSize": 12,
              "marginTop": 2,
            },
          ]
        }
      >
        # Expenses
      </Text>
    </View>
  </View>
  <View
    style={
      {
        "alignItems": "center",
      }
    }
  >
    <View
      accessibilityRole="button"
      accessibilityState={
        {
          "busy": undefined,
          "checked": undefined,
          "disabled": undefined,
          "expanded": undefined,
          "selected": undefined,
        }
      }
      accessibilityValue={
        {
          "max": undefined,
          "min": undefined,
          "now": undefined,
          "text": undefined,
        }
      }
      accessible={true}
      collapsable={false}
      focusable={true}
      onBlur={[Function]}
      onClick={[Function]}
      onFocus={[Function]}
      onResponderGrant={[Function]}
      onResponderMove={[Function]}
      onResponderRelease={[Function]}
      onResponderTerminate={[Function]}
      onResponderTerminationRequest={[Function]}
      onStartShouldSetResponder={[Function]}
      style={
        [
          {
            "borderRadius": 6,
            "marginVertical": 10,
            "padding": 18,
          },
          {
            "backgroundColor": "#0a7ea4",
          },
          false,
          {
            "borderRadius": 8,
            "marginHorizontal": 16,
            "paddingVertical": 12,
            "width": "50%",
          },
        ]
      }
    >
      <Text
        style={
          [
            {
              "color": "#11181C",
            },
            {
              "fontSize": 16,
              "lineHeight": 24,
            },
            undefined,
            undefined,
            undefined,
            undefined,
            undefined,
            {
              "color": "#f2f2f2",
              "textAlign": "center",
            },
          ]
        }
      >
        Edit Profile
      </Text>
    </View>
  </View>
  <View
    style={
      {
        "flex": 1,
      }
    }
  />
  <View
    style={
      {
        "alignItems": "center",
        "flex": 1,
        "justifyContent": "flex-end",
        "paddingBottom": 24,
        "width": "100%",
      }
    }
  >
    <View
      accessibilityRole="button"
      accessibilityState={
        {
          "busy": undefined,
          "checked": undefined,
          "disabled": undefined,
          "expanded": undefined,
          "selected": undefined,
        }
      }
      accessibilityValue={
        {
          "max": undefined,
          "min": undefined,
          "now": undefined,
          "text": undefined,
        }
      }
      accessible={true}
      collapsable={false}
      focusable={true}
      onBlur={[Function]}
      onClick={[Function]}
      onFocus={[Function]}
      onResponderGrant={[Function]}
      onResponderMove={[Function]}
      onResponderRelease={[Function]}
      onResponderTerminate={[Function]}
      onResponderTerminationRequest={[Function]}
      onStartShouldSetResponder={[Function]}
      style={
        [
          {
            "borderRadius": 6,
            "marginVertical": 10,
            "padding": 18,
          },
          {
            "backgroundColor": "#0a7ea4",
          },
          false,
          {
            "backgroundColor": "#cb4d31",
            "borderRadius": 8,
            "paddingVertical": 12,
            "width": "50%",
          },
        ]
      }
    >
      <Text
        style={
          [
            {
              "color": "#11181C",
            },
            {
              "fontSize": 16,
              "lineHeight": 24,
            },
            undefined,
            undefined,
            undefined,
            undefined,
            undefined,
            {
              "color": "#f2f2f2",
              "textAlign": "center",
            },
          ]
        }
      >
        Logout
      </Text>
    </View>
  </View>
  <View
    style={
      {
        "height": 75,
        "width": "100%",
      }
    }
  />
</View>
`;

exports[`Profile Component matches snapshot (non-edit mode) 1`] = `
<View
  accessibilityState={
    {
      "busy": undefined,
      "checked": undefined,
      "disabled": undefined,
      "expanded": undefined,
      "selected": undefined,
    }
  }
  accessible={true}
  focusable={true}
  onClick={[Function]}
  onResponderGrant={[Function]}
  onResponderMove={[Function]}
  onResponderRelease={[Function]}
  onResponderTerminate={[Function]}
  onResponderTerminationRequest={[Function]}
  onStartShouldSetResponder={[Function]}
  style={
    [
      {
        "backgroundColor": "#fff",
      },
      {
        "flex": 1,
        "justifyContent": "flex-start",
        "paddingBottom": 16,
        "paddingHorizontal": 20,
        "paddingTop": 36,
      },
    ]
  }
  testID="themed-view"
>
  <View
    style={
      {
        "height": 40,
        "width": "100%",
      }
    }
  />
  <View
    style={
      {
        "flexDirection": "row",
        "justifyContent": "flex-end",
        "marginBottom": 8,
      }
    }
  >
    <View
      accessibilityState={
        {
          "busy": undefined,
          "checked": undefined,
          "disabled": undefined,
          "expanded": undefined,
          "selected": undefined,
        }
      }
      accessibilityValue={
        {
          "max": undefined,
          "min": undefined,
          "now": undefined,
          "text": undefined,
        }
      }
      accessible={true}
      collapsable={false}
      focusable={true}
      onClick={[Function]}
      onResponderGrant={[Function]}
      onResponderMove={[Function]}
      onResponderRelease={[Function]}
      onResponderTerminate={[Function]}
      onResponderTerminationRequest={[Function]}
      onStartShouldSetResponder={[Function]}
      style={
        {
          "opacity": 1,
        }
      }
    >
      <Text
        allowFontScaling={false}
        selectable={false}
        style={
          [
            {
              "color": "#0a7ea4",
              "fontSize": 28,
            },
            undefined,
            {
              "fontFamily": "ionicons",
              "fontStyle": "normal",
              "fontWeight": "normal",
            },
            {},
          ]
        }
      >
        î¹¬
      </Text>
    </View>
  </View>
  <View
    style={
      {
        "alignItems": "center",
        "flexDirection": "row",
        "marginBottom": 18,
      }
    }
  >
    <View
      accessibilityLabel="Change Avatar"
      accessibilityState={
        {
          "busy": undefined,
          "checked": undefined,
          "disabled": false,
          "expanded": undefined,
          "selected": undefined,
        }
      }
      accessibilityValue={
        {
          "max": undefined,
          "min": undefined,
          "now": undefined,
          "text": undefined,
        }
      }
      accessible={true}
      collapsable={false}
      focusable={true}
      onClick={[Function]}
      onResponderGrant={[Function]}
      onResponderMove={[Function]}
      onResponderRelease={[Function]}
      onResponderTerminate={[Function]}
      onResponderTerminationRequest={[Function]}
      onStartShouldSetResponder={[Function]}
      style={
        {
          "opacity": 1,
        }
      }
    >
      <ViewManagerAdapter_ExpoImage
        borderColor={4294967295}
        borderRadius={75}
        borderWidth={2}
        containerViewRef={"[React.ref]"}
        contentFit="cover"
        contentPosition={
          {
            "left": "50%",
            "top": "50%",
          }
        }
        height={150}
        marginRight={18}
        nativeViewRef={"[React.ref]"}
        onError={[Function]}
        onLoad={[Function]}
        onLoadStart={[Function]}
        onProgress={[Function]}
        placeholder={[]}
        source={
          [
            {
              "uri": "https://example.com/avatar.jpg",
            },
          ]
        }
        style={
          {
            "borderColor": "#fff",
            "borderRadius": 75,
            "borderWidth": 2,
            "height": 150,
            "marginRight": 18,
            "width": 150,
          }
        }
        transition={null}
        width={150}
      />
    </View>
    <View
      style={
        {
          "flex": 1,
          "justifyContent": "center",
        }
      }
    >
      <Text
        style={
          [
            {
              "color": "#11181C",
            },
            undefined,
            {
              "fontSize": 28,
              "fontWeight": "bold",
              "lineHeight": 32,
            },
            undefined,
            undefined,
            undefined,
            undefined,
            {
              "marginBottom": 0,
            },
          ]
        }
      >
        TestUser
      </Text>
    </View>
  </View>
  <View>
    <Text
      style={
        [
          {
            "color": "#11181C",
          },
          {
            "fontSize": 16,
            "lineHeight": 24,
          },
          undefined,
          undefined,
          undefined,
          undefined,
          undefined,
          {
            "fontSize": 15,
            "marginBottom": 6,
            "marginLeft": 12,
          },
        ]
      }
    >
      Hello world
    </Text>
    <View
      style={
        {
          "height": 8,
          "width": "100%",
        }
      }
    />
  </View>
  <View
    style={
      {
        "borderRadius": 12,
        "flexDirection": "row",
        "justifyContent": "space-between",
        "marginBottom": 24,
        "padding": 18,
      }
    }
  >
    <View
      style={
        {
          "alignItems": "center",
          "flex": 1,
        }
      }
    >
      <Text
        style={
          [
            {
              "color": "#11181C",
            },
            {
              "fontSize": 16,
              "lineHeight": 24,
            },
            undefined,
            undefined,
            undefined,
            undefined,
            undefined,
            {
              "fontSize": 17,
              "fontWeight": "bold",
            },
          ]
        }
      >
        3
      </Text>
      <Text
        style={
          [
            {
              "color": "#11181C",
            },
            {
              "fontSize": 16,
              "lineHeight": 24,
            },
            undefined,
            undefined,
            undefined,
            undefined,
            undefined,
            {
              "fontSize": 12,
              "marginTop": 2,
            },
          ]
        }
      >
        Groups
      </Text>
    </View>
    <View
      style={
        {
          "alignItems": "center",
          "flex": 1,
        }
      }
    >
      <Text
        style={
          [
            {
              "color": "#11181C",
            },
            {
              "fontSize": 16,
              "lineHeight": 24,
            },
            undefined,
            undefined,
            undefined,
            undefined,
            undefined,
            {
              "fontSize": 17,
              "fontWeight": "bold",
            },
          ]
        }
      >
        $
        150.75
      </Text>
      <Text
        style={
          [
            {
              "color": "#11181C",
            },
            {
              "fontSize": 16,
              "lineHeight": 24,
            },
            undefined,
            undefined,
            undefined,
            undefined,
            undefined,
            {
              "fontSize": 12,
              "marginTop": 2,
            },
          ]
        }
      >
        Total Spent
      </Text>
    </View>
    <View
      style={
        {
          "alignItems": "center",
          "flex": 1,
        }
      }
    >
      <Text
        style={
          [
            {
              "color": "#11181C",
            },
            {
              "fontSize": 16,
              "lineHeight": 24,
            },
            undefined,
            undefined,
            undefined,
            undefined,
            undefined,
            {
              "fontSize": 17,
              "fontWeight": "bold",
            },
          ]
        }
      >
        10
      </Text>
      <Text
        style={
          [
            {
              "color": "#11181C",
            },
            {
              "fontSize": 16,
              "lineHeight": 24,
            },
            undefined,
            undefined,
            undefined,
            undefined,
            undefined,
            {
              "fontSize": 12,
              "marginTop": 2,
            },
          ]
        }
      >
        # Expenses
      </Text>
    </View>
  </View>
  <View
    style={
      {
        "alignItems": "center",
      }
    }
  >
    <View
      accessibilityRole="button"
      accessibilityState={
        {
          "busy": undefined,
          "checked": undefined,
          "disabled": undefined,
          "expanded": undefined,
          "selected": undefined,
        }
      }
      accessibilityValue={
        {
          "max": undefined,
          "min": undefined,
          "now": undefined,
          "text": undefined,
        }
      }
      accessible={true}
      collapsable={false}
      focusable={true}
      onBlur={[Function]}
      onClick={[Function]}
      onFocus={[Function]}
      onResponderGrant={[Function]}
      onResponderMove={[Function]}
      onResponderRelease={[Function]}
      onResponderTerminate={[Function]}
      onResponderTerminationRequest={[Function]}
      onStartShouldSetResponder={[Function]}
      style={
        [
          {
            "borderRadius": 6,
            "marginVertical": 10,
            "padding": 18,
          },
          {
            "backgroundColor": "#0a7ea4",
          },
          false,
          {
            "borderRadius": 8,
            "marginHorizontal": 16,
            "paddingVertical": 12,
            "width": "50%",
          },
        ]
      }
    >
      <Text
        style={
          [
            {
              "color": "#11181C",
            },
            {
              "fontSize": 16,
              "lineHeight": 24,
            },
            undefined,
            undefined,
            undefined,
            undefined,
            undefined,
            {
              "color": "#f2f2f2",
              "textAlign": "center",
            },
          ]
        }
      >
        Edit Profile
      </Text>
    </View>
  </View>
  <View
    style={
      {
        "flex": 1,
      }
    }
  />
  <View
    style={
      {
        "alignItems": "center",
        "flex": 1,
        "justifyContent": "flex-end",
        "paddingBottom": 24,
        "width": "100%",
      }
    }
  >
    <View
      accessibilityRole="button"
      accessibilityState={
        {
          "busy": undefined,
          "checked": undefined,
          "disabled": undefined,
          "expanded": undefined,
          "selected": undefined,
        }
      }
      accessibilityValue={
        {
          "max": undefined,
          "min": undefined,
          "now": undefined,
          "text": undefined,
        }
      }
      accessible={true}
      collapsable={false}
      focusable={true}
      onBlur={[Function]}
      onClick={[Function]}
      onFocus={[Function]}
      onResponderGrant={[Function]}
      onResponderMove={[Function]}
      onResponderRelease={[Function]}
      onResponderTerminate={[Function]}
      onResponderTerminationRequest={[Function]}
      onStartShouldSetResponder={[Function]}
      style={
        [
          {
            "borderRadius": 6,
            "marginVertical": 10,
            "padding": 18,
          },
          {
            "backgroundColor": "#0a7ea4",
          },
          false,
          {
            "backgroundColor": "#cb4d31",
            "borderRadius": 8,
            "paddingVertical": 12,
            "width": "50%",
          },
        ]
      }
    >
      <Text
        style={
          [
            {
              "color": "#11181C",
            },
            {
              "fontSize": 16,
              "lineHeight": 24,
            },
            undefined,
            undefined,
            undefined,
            undefined,
            undefined,
            {
              "color": "#f2f2f2",
              "textAlign": "center",
            },
          ]
        }
      >
        Logout
      </Text>
    </View>
  </View>
  <View
    style={
      {
        "height": 75,
        "width": "100%",
      }
    }
  />
</View>
`;
