// Jest Snapshot v1, https://goo.gl/fbAQLP

exports[`IconSymbol (iOS) matches snapshot with custom props 1`] = `null`;
