// Jest Snapshot v1, https://goo.gl/fbAQLP

exports[`IconSymbol tests using toHaveBeenCalledWith pattern matches snapshot 1`] = `null`;
