// Jest Snapshot v1, https://goo.gl/fbAQLP

exports[`BlurTabBarBackground component matches snapshot 1`] = `null`;
