// Jest Snapshot v1, https://goo.gl/fbAQLP

exports[`renders activity log page correctly (snapshot) 1`] = `
<View
  style={
    [
      {
        "backgroundColor": "#fff",
      },
      {
        "flex": 1,
        "padding": 16,
      },
    ]
  }
  testID="themed-view"
>
  <View
    style={
      {
        "height": 30,
        "width": "100%",
      }
    }
  />
  <View
    accessibilityLabel="Back"
    accessibilityRole="button"
    accessibilityState={
      {
        "busy": undefined,
        "checked": undefined,
        "disabled": undefined,
        "expanded": undefined,
        "selected": undefined,
      }
    }
    accessibilityValue={
      {
        "max": undefined,
        "min": undefined,
        "now": undefined,
        "text": undefined,
      }
    }
    accessible={true}
    collapsable={false}
    focusable={true}
    onClick={[Function]}
    onResponderGrant={[Function]}
    onResponderMove={[Function]}
    onResponderRelease={[Function]}
    onResponderTerminate={[Function]}
    onResponderTerminationRequest={[Function]}
    onStartShouldSetResponder={[Function]}
    style={
      {
        "opacity": 1,
      }
    }
    testID="back-button"
  />
  <View
    style={
      {
        "alignItems": "center",
        "flexDirection": "row",
        "justifyContent": "space-between",
        "marginBottom": 12,
        "marginTop": 10,
      }
    }
  >
    <Text
      style={
        [
          {
            "color": "#11181C",
          },
          undefined,
          {
            "fontSize": 28,
            "fontWeight": "bold",
            "lineHeight": 32,
          },
          undefined,
          undefined,
          undefined,
          undefined,
          {
            "marginBottom": 12,
            "marginTop": 10,
          },
        ]
      }
    >
      Activity Log
    </Text>
    <View
      accessibilityState={
        {
          "busy": undefined,
          "checked": undefined,
          "disabled": undefined,
          "expanded": undefined,
          "selected": undefined,
        }
      }
      accessibilityValue={
        {
          "max": undefined,
          "min": undefined,
          "now": undefined,
          "text": undefined,
        }
      }
      accessible={true}
      collapsable={false}
      focusable={true}
      onClick={[Function]}
      onResponderGrant={[Function]}
      onResponderMove={[Function]}
      onResponderRelease={[Function]}
      onResponderTerminate={[Function]}
      onResponderTerminationRequest={[Function]}
      onStartShouldSetResponder={[Function]}
      style={
        {
          "alignItems": "center",
          "backgroundColor": "#f0f0f0",
          "borderRadius": 8,
          "flexDirection": "row",
          "opacity": 1,
          "paddingHorizontal": 10,
          "paddingVertical": 4,
        }
      }
    >
      <Text
        style={
          {
            "color": "#1976d2",
            "fontWeight": "bold",
            "marginLeft": 4,
          }
        }
      >
        Newest
      </Text>
    </View>
  </View>
  <RCTScrollView>
    <View>
      <View
        style={
          {
            "alignItems": "center",
            "backgroundColor": "#eafbe7",
            "borderRadius": 10,
            "flexDirection": "row",
            "marginBottom": 10,
            "minHeight": 54,
            "padding": 12,
          }
        }
        testID="activity-s1"
      >
        <View
          style={
            {
              "flex": 1,
              "minWidth": 0,
            }
          }
        >
          <Text
            style={
              [
                {
                  "color": "#11181C",
                },
                {
                  "fontSize": 16,
                  "lineHeight": 24,
                },
                undefined,
                undefined,
                undefined,
                undefined,
                undefined,
                {
                  "color": "black",
                  "fontSize": 15,
                  "fontWeight": "bold",
                },
              ]
            }
          >
            Bob
          </Text>
          <Text
            numberOfLines={3}
            style={
              [
                {
                  "color": "#11181C",
                },
                {
                  "fontSize": 16,
                  "lineHeight": 24,
                },
                undefined,
                undefined,
                undefined,
                undefined,
                undefined,
                {
                  "color": "#333",
                  "flexWrap": "wrap",
                  "fontSize": 14,
                  "marginTop": 2,
                },
              ]
            }
          >
            settled up with
             
            <Text
              style={
                [
                  {
                    "color": "#11181C",
                  },
                  {
                    "fontSize": 16,
                    "lineHeight": 24,
                  },
                  undefined,
                  undefined,
                  undefined,
                  undefined,
                  undefined,
                  {
                    "color": "black",
                    "fontWeight": "bold",
                  },
                ]
              }
            >
              Alice
            </Text>
             
            for
             
            <Text
              style={
                {
                  "color": "#1e88e5",
                  "fontWeight": "bold",
                }
              }
            >
              $
              12.00
            </Text>
          </Text>
          <Text
            style={
              [
                {
                  "color": "#11181C",
                },
                {
                  "fontSize": 16,
                  "lineHeight": 24,
                },
                undefined,
                undefined,
                undefined,
                undefined,
                undefined,
                {
                  "color": "#777",
                  "fontSize": 12,
                  "marginTop": 2,
                },
              ]
            }
          >
            May 12, 2025
          </Text>
        </View>
      </View>
      <View
        style={
          {
            "alignItems": "center",
            "backgroundColor": "#f7f7f7",
            "borderRadius": 10,
            "flexDirection": "row",
            "marginBottom": 10,
            "minHeight": 54,
            "padding": 12,
          }
        }
        testID="activity-e1"
      >
        <Image
          source={
            {
              "uri": "avatar1.png",
            }
          }
          style={
            {
              "backgroundColor": "#fff",
              "borderRadius": 16,
              "height": 32,
              "marginRight": 10,
              "width": 32,
            }
          }
        />
        <View
          style={
            {
              "flex": 1,
              "minWidth": 0,
            }
          }
        >
          <Text
            style={
              [
                {
                  "color": "#11181C",
                },
                {
                  "fontSize": 16,
                  "lineHeight": 24,
                },
                undefined,
                undefined,
                undefined,
                undefined,
                undefined,
                {
                  "color": "black",
                  "fontSize": 15,
                  "fontWeight": "bold",
                },
              ]
            }
          >
            Alice
          </Text>
          <Text
            numberOfLines={3}
            style={
              [
                {
                  "color": "#11181C",
                },
                {
                  "fontSize": 16,
                  "lineHeight": 24,
                },
                undefined,
                undefined,
                undefined,
                undefined,
                undefined,
                {
                  "color": "#333",
                  "flexWrap": "wrap",
                  "fontSize": 14,
                  "marginTop": 2,
                },
              ]
            }
          >
            paid
             
            <Text
              style={
                {
                  "color": "#1e88e5",
                  "fontWeight": "bold",
                }
              }
            >
              $
              12.00
            </Text>
             
            for "
            Lunch
            "
          </Text>
          <Text
            style={
              [
                {
                  "color": "#11181C",
                },
                {
                  "fontSize": 16,
                  "lineHeight": 24,
                },
                undefined,
                undefined,
                undefined,
                undefined,
                undefined,
                {
                  "color": "#777",
                  "fontSize": 12,
                  "marginTop": 2,
                },
              ]
            }
          >
            May 10, 2025
          </Text>
        </View>
      </View>
      <View
        style={
          {
            "height": 80,
            "width": "100%",
          }
        }
      />
    </View>
  </RCTScrollView>
</View>
`;
